function      : approval-on-lambda-RunC4A32B5F-wlUnJOGgMJVr
answers queue : approval-on-lambda-Answers9615456C-EmVgk9VoMNAX.fifo
questions queue: approval-on-lambda-Questions00801713-HL3Y95kQT6j3.fifo
order         : order-200829

--- the customer's message is on the queue; nothing of ours is running ---
question arrived after 2.3s
{
  "type": "wait.created",
  "event_id": "01M3HFXHA624604MBC5FMQP35R",
  "thread_id": "order-200829",
  "question_id": "3f8375f23f2c870e6827332b828d6daa",
  "question": {
    "function": "issue_refund",
    "args": {
      "order_id": "order-200829",
      "amount": 41000
    }
  },
  "allowed_actions": [
    "approve",
    "reject"
  ],
  "expires_at": "2026-09-27T13:14:22Z",
  "default": {
    "action": "reject",
    "reason": "no finance response within PT2M"
  },
  "answer_ttl": null,
  "source": {
    "function": "issue_refund"
  },
  "reply_to": null,
  "reply_with": {
    "thread_id": "order-200829",
    "question_id": "3f8375f23f2c870e6827332b828d6daa",
    "answer": null
  },
  "correlation": null,
  "tags": {
    "approver_group": "finance"
  }
}

open questions in the approvals table (GSI by_status): 2
refunds recorded so far: 0

--- finance approves, three days later as far as anything here knows ---
refunds recorded after the approval: 1
rows for this thread still status=open after the refund: 1

--- the same answer twice more ---
refunds recorded after three answers in total: 1
further questions published for this thread: 0

thread_id = order-200829
question_id = 3f8375f23f2c870e6827332b828d6daa
