run function      : approval-on-lambda-RunC4A32B5F-wlUnJOGgMJVr
scheduler function: approval-on-lambda-TimeoutSchedulerE985E26C-TOLKQxCHDprc
order             : order-93852c

--- the customer asks, and nobody is going to answer ---
question arrived after 6.4s
question_id : 5527dd1507fc72b7f0e617b7cb3c8752
expires_at  : 2026-09-27T13:11:10Z
default     : {"action": "reject", "reason": "no finance response within PT2M"}

--- what the consumer created, before it fires ---
{
  "Name": "refund-timeout-5527dd1507fc72b7f0e617b7",
  "ScheduleExpression": "at(2026-09-27T13:11:10)",
  "ScheduleExpressionTimezone": "UTC",
  "ActionAfterCompletion": "DELETE",
  "Target": {
    "Arn": "...:approval-on-lambda-Answers9615456C-EmVgk9VoMNAX.fifo",
    "SqsParameters": {
      "MessageGroupId": "order-93852c"
    },
    "Input": {
      "thread_id": "order-93852c",
      "question_id": "5527dd1507fc72b7f0e617b7cb3c8752",
      "answer": {
        "action": "reject",
        "reason": "no finance response within PT2M"
      }
    }
  }
}

refunds recorded while it waits: 0
open rows for this thread       : 1

--- waiting 216s for the deadline; no process of ours is running ---
the schedule fired and deleted itself (ActionAfterCompletion=DELETE)
the agent resumed at 13:11:32Z, 22s after expires_at
(EventBridge Scheduler is minute-granular; that gap is delivery, not drift)

refunds recorded after the deadline: 0

--- a human approves, too late ---
refunds recorded after the late approval: 0
nothing ran, for the same reason a duplicate approval runs nothing:
the thread has already moved past the question

undelivered schedules on the schedule dead-letter queue: 0

thread_id = order-93852c
question_id = 5527dd1507fc72b7f0e617b7cb3c8752
